<outdated> foo.txt
 stored: e3b0c44298fc1c149afbf4c8996fb92427ae41e4649b934ca495991b7852b855 1546297200.000000000
 actual: 7f8b1dfc466b6249f06cbe55c9174df2578e7754da793fded244ef5cba2a38f1 1577833200.000000000
